// Jest Snapshot v1, https://goo.gl/fbAQLP

exports[`rn生成页面测试 列表页面 1`] = `
Object {
  "src/pages/pages/test/actions/action.ts": "import {Command} from \\"../constant\\";
import {IAllReducerProps} from \\"../types\\";
import {redux} from  'moon-runtime';
import {PageModel} from './index';
import api from \\"@/api\\";

export default class \${action} extends redux.BaseAction<IAllReducerProps> {

  constructor(pageModel:PageModel) {
    super(pageModel);
  }

 
        /**
         * 
              普通条件查询可以走,commonChange
              
         */
        async modifySearch(param,options:{
      isQuery:boolean;
      isResetPage:boolean;
    }={isQuery:true,isResetPage:false}) {
            
      dispatch({ type: Command.modifyRequest, payload: param});
      //修改完直接查询;
      if(options.isQuery) {
        await this.query(options.isResetPage)
      }
      
         },
   
        /**
         * 查询下一页
         */
        async nextPage() {
            
      let {request} = getData().main;
      request.pageNum=request.pageNum+1;
      dispatch({ type: Command.modifyRequest, payload: request });
      await this.query();
              
         },
   
        /**
         * 以当前查询条件查询
         */
        async query(isResetPage:boolean=false) {
            
            if(isResetPage) {
              await dispatch({ type: Command.modifyRequest, payload: {pageNum:0} });
            }
          
          let {request} =  getData().main;
      //TODO 接口缺失 
      // let {} = await api..XXapi();
      
      dispatch({ type: Command.queryResult, payload: {
        total:0,
        list:[]
        } });
        
         },
   
}

//create by moon https://github.com/creasy2010/moon",
  "src/pages/pages/test/actions/index.ts": "import {Command} from '../constant';
import api from 'api';
import {redux} from 'moon-runtime';

import Action from './action';

import * as pagesTestMain from '../reducers/main';

import {IAllReducerProps} from '../types';

export class PageModel extends redux.BaseModel<IAllReducerProps> {
  models = {
    pagesTestMain,
  };

  actions = {
    action: new Action(this),
  };

  constructor() {
    super('PagesTest');
  }

  /**
   * 初始化数据
   */
  async init() {
    this.emit(Command.init, {
      //main  :{},
    });
  }
}

export default new PageModel();

//create by moon https://github.com/creasy2010/moon
",
  "src/pages/pages/test/components/info.less": "

.info {
}

",
  "src/pages/pages/test/components/info.tsx": "import React from 'react';
import {StyleSheet, View, Text} from 'react-native';

import * as T from '../types';

import pageModel from '../actions';
import {connect} from 'react-redux';
import {store2Props} from '../selectors';

type IInfoProps = T.IAllReducerProps & T.IInfoProps;

@connect<Partial<IInfoProps>, T.IInfoState>(
  store2Props,
  actions,
)
export default class Info extends React.Component<
  Partial<IInfoProps>,
  T.IInfoState
> {
  constructor(props: IInfoProps) {
    super(props);
  }

  /**
    
*/
  render() {
    let {main} = this.props;

    return (
      <View>
        <View />
      </View>
    );
  }
}

//create by moon https://github.com/creasy2010/moon

const styles = StyleSheet.create({
  info: {},
});
",
  "src/pages/pages/test/constant.ts": "export const pageKey = 'PagesTest';

export const BASE = pageKey + '_';

export enum Command {
  //通用修改数据方法
  commonChange = 'PagesTest_commonChange',
  init = 'PagesTest_INIT',
  clean = 'PagesTest_CLEAN',

  /*
        修改查询条件数据
    */
  main_modifyRequest = 'PagesTest_main_modifyRequest',

  /*
        清空查询结果
    */
  main_cleanList = 'PagesTest_main_cleanList',

  /*
        
    */
  main_queryResult = 'PagesTest_main_queryResult',
}

//create by moon https://github.com/creasy2010/moon
",
  "src/pages/pages/test/index.less": "

.pagesTest {
}


",
  "src/pages/pages/test/index.tsx": "import React from 'react';
import {StyleSheet, View, Text} from 'react-native';

import {connect} from 'react-redux';

import * as T from './types';
import pageModel from './actions';
import {store2Props} from './selectors';

import Info from './components/info';

@connect<Partial<T.IAllReducerProps>, any>(store2Props)
export default class PagesTest extends React.Component<
  Partial<T.IAllReducerProps>,
  any
> {
  componentDidMount() {
    pageModel.init();
  }

  componentWillUnmount() {
    pageModel.clean();
  }

  render() {
    let {main} = this.props;

    return (
      <View id=\\"pagesTest\\">
        <View />
      </View>
    );
  }
}

//create by moon https://github.com/creasy2010/moon

const styles = StyleSheet.create({
  index: {},
});
",
  "src/pages/pages/test/reducers/main.ts": "import {Command} from '../constant';
import _ from 'lodash';
import {IMainReducer} from '../types';
import produce from 'immer';

const INITIAL_STATE: IMainReducer = {
  isReady: false,

  request: {q: '', pageNum: 0, pageSize: 10},

  total: 0,

  list: [],
};

/*
修改查询条件数据
*/
export function modifyRequest(state: IMainReducer, payload: any): IMainReducer {
  return state;
}

/*
清空查询结果
*/
export function cleanList(state: IMainReducer, payload: any): IMainReducer {
  return state;
}

/*

*/
export function queryResult(state: IMainReducer, payload: any): IMainReducer {
  return state;
}

//create by moon https://github.com/creasy2010/moon
",
  "src/pages/pages/test/selectors.ts": "import {createSelector} from 'reselect';
import {IAllReducerProps} from './types';

export function store2Props({PagesTestMain}: any): IAllReducerProps {
  return {
    main: PagesTestMain,
  };
}

//衍生数据使用请参考:  https://github.com/reduxjs/reselect
//create by moon https://github.com/creasy2010/moon
",
  "src/pages/pages/test/types.ts": "import Actions from './actions';

export interface IMainReducer {
  isReady: boolean;
  isLoading?: boolean;

  request: IMainRequest;

  total: IMainTotal;

  list: IMainListSet;
}

export type IAllReducerProps = {
  main: IMainReducer;

  [name: string]: any;
};

export type IInfoProps = {};
export type IInfoState = {};

export interface IMainRequest {
  q?: string;
  pageNum?: number;
  pageSize?: number;
  [k: string]: any;
}
export type IMainTotal = number;
export type IMainListSet = IMainList[];

export interface IMainList {
  [k: string]: any;
}

//create by moon https://github.com/creasy2010/moon
",
}
`;
